
 RUN  v4.1.11 C:/Users/HusseinM/Desktop/first project with ai

⎯⎯⎯⎯⎯⎯ Unhandled Errors ⎯⎯⎯⎯⎯⎯

Vitest caught 25 unhandled errors during the test run.
This might cause false positive tests. Resolve unhandled errors to make sure your tests are not affected.

⎯⎯⎯⎯⎯⎯ Unhandled Error ⎯⎯⎯⎯⎯⎯⎯
Error: [vitest-pool]: Worker forks emitted error.
 ❯ EventEmitter.onTaskError ../first%20project%20with%20ai/node_modules/vitest/dist/chunks/cli-api.CnMVyzaz.js:3526:21
 ❯ EventEmitter.emit node:events:519:28
 ❯ ChildProcess.emitUnexpectedExit ../first%20project%20with%20ai/node_modules/vitest/dist/chunks/cli-api.CnMVyzaz.js:3092:22
 ❯ ChildProcess.emit node:events:519:28
 ❯ Process.ChildProcess._handle.onexit node:internal/child_process:293:12

Caused by: Error: Worker exited unexpectedly
 ❯ ChildProcess.emitUnexpectedExit ../first%20project%20with%20ai/node_modules/vitest/dist/chunks/cli-api.CnMVyzaz.js:3090:33
 ❯ ChildProcess.emit node:events:519:28
 ❯ Process.ChildProcess._handle.onexit node:internal/child_process:293:12


⎯⎯⎯⎯⎯⎯ Unhandled Error ⎯⎯⎯⎯⎯⎯⎯
Error: [vitest-pool]: Worker forks emitted error.
 ❯ EventEmitter.onTaskError ../first%20project%20with%20ai/node_modules/vitest/dist/chunks/cli-api.CnMVyzaz.js:3526:21
 ❯ EventEmitter.emit node:events:519:28
 ❯ ChildProcess.emitUnexpectedExit ../first%20project%20with%20ai/node_modules/vitest/dist/chunks/cli-api.CnMVyzaz.js:3092:22
 ❯ ChildProcess.emit node:events:519:28
 ❯ Process.ChildProcess._handle.onexit node:internal/child_process:293:12

Caused by: Error: Worker exited unexpectedly
 ❯ ChildProcess.emitUnexpectedExit ../first%20project%20with%20ai/node_modules/vitest/dist/chunks/cli-api.CnMVyzaz.js:3090:33
 ❯ ChildProcess.emit node:events:519:28
 ❯ Process.ChildProcess._handle.onexit node:internal/child_process:293:12


⎯⎯⎯⎯⎯⎯ Unhandled Error ⎯⎯⎯⎯⎯⎯⎯
Error: [vitest-pool]: Worker forks emitted error.
 ❯ EventEmitter.onTaskError ../first%20project%20with%20ai/node_modules/vitest/dist/chunks/cli-api.CnMVyzaz.js:3526:21
 ❯ EventEmitter.emit node:events:519:28
 ❯ ChildProcess.emitUnexpectedExit ../first%20project%20with%20ai/node_modules/vitest/dist/chunks/cli-api.CnMVyzaz.js:3092:22
 ❯ ChildProcess.emit node:events:519:28
 ❯ Process.ChildProcess._handle.onexit node:internal/child_process:293:12

Caused by: Error: Worker exited unexpectedly
 ❯ ChildProcess.emitUnexpectedExit ../first%20project%20with%20ai/node_modules/vitest/dist/chunks/cli-api.CnMVyzaz.js:3090:33
 ❯ ChildProcess.emit node:events:519:28
 ❯ Process.ChildProcess._handle.onexit node:internal/child_process:293:12


⎯⎯⎯⎯⎯⎯ Unhandled Error ⎯⎯⎯⎯⎯⎯⎯
Error: [vitest-pool]: Worker forks emitted error.
 ❯ EventEmitter.onTaskError ../first%20project%20with%20ai/node_modules/vitest/dist/chunks/cli-api.CnMVyzaz.js:3526:21
 ❯ EventEmitter.emit node:events:519:28
 ❯ ChildProcess.emitUnexpectedExit ../first%20project%20with%20ai/node_modules/vitest/dist/chunks/cli-api.CnMVyzaz.js:3092:22
 ❯ ChildProcess.emit node:events:519:28
 ❯ Process.ChildProcess._handle.onexit node:internal/child_process:293:12

Caused by: Error: Worker exited unexpectedly
 ❯ ChildProcess.emitUnexpectedExit ../first%20project%20with%20ai/node_modules/vitest/dist/chunks/cli-api.CnMVyzaz.js:3090:33
 ❯ ChildProcess.emit node:events:519:28
 ❯ Process.ChildProcess._handle.onexit node:internal/child_process:293:12


⎯⎯⎯⎯⎯⎯ Unhandled Error ⎯⎯⎯⎯⎯⎯⎯
Error: [vitest-pool]: Worker forks emitted error.
 ❯ EventEmitter.onTaskError ../first%20project%20with%20ai/node_modules/vitest/dist/chunks/cli-api.CnMVyzaz.js:3526:21
 ❯ EventEmitter.emit node:events:519:28
 ❯ ChildProcess.emitUnexpectedExit ../first%20project%20with%20ai/node_modules/vitest/dist/chunks/cli-api.CnMVyzaz.js:3092:22
 ❯ ChildProcess.emit node:events:519:28
 ❯ Process.ChildProcess._handle.onexit node:internal/child_process:293:12

Caused by: Error: Worker exited unexpectedly
 ❯ ChildProcess.emitUnexpectedExit ../first%20project%20with%20ai/node_modules/vitest/dist/chunks/cli-api.CnMVyzaz.js:3090:33
 ❯ ChildProcess.emit node:events:519:28
 ❯ Process.ChildProcess._handle.onexit node:internal/child_process:293:12


⎯⎯⎯⎯⎯⎯ Unhandled Error ⎯⎯⎯⎯⎯⎯⎯
Error: [vitest-pool]: Worker forks emitted error.
 ❯ EventEmitter.onTaskError ../first%20project%20with%20ai/node_modules/vitest/dist/chunks/cli-api.CnMVyzaz.js:3526:21
 ❯ EventEmitter.emit node:events:519:28
 ❯ ChildProcess.emitUnexpectedExit ../first%20project%20with%20ai/node_modules/vitest/dist/chunks/cli-api.CnMVyzaz.js:3092:22
 ❯ ChildProcess.emit node:events:519:28
 ❯ Process.ChildProcess._handle.onexit node:internal/child_process:293:12

Caused by: Error: Worker exited unexpectedly
 ❯ ChildProcess.emitUnexpectedExit ../first%20project%20with%20ai/node_modules/vitest/dist/chunks/cli-api.CnMVyzaz.js:3090:33
 ❯ ChildProcess.emit node:events:519:28
 ❯ Process.ChildProcess._handle.onexit node:internal/child_process:293:12


⎯⎯⎯⎯⎯⎯ Unhandled Error ⎯⎯⎯⎯⎯⎯⎯
Error: [vitest-pool]: Worker forks emitted error.
 ❯ EventEmitter.onTaskError ../first%20project%20with%20ai/node_modules/vitest/dist/chunks/cli-api.CnMVyzaz.js:3526:21
 ❯ EventEmitter.emit node:events:519:28
 ❯ ChildProcess.emitUnexpectedExit ../first%20project%20with%20ai/node_modules/vitest/dist/chunks/cli-api.CnMVyzaz.js:3092:22
 ❯ ChildProcess.emit node:events:519:28
 ❯ Process.ChildProcess._handle.onexit node:internal/child_process:293:12

Caused by: Error: Worker exited unexpectedly
 ❯ ChildProcess.emitUnexpectedExit ../first%20project%20with%20ai/node_modules/vitest/dist/chunks/cli-api.CnMVyzaz.js:3090:33
 ❯ ChildProcess.emit node:events:519:28
 ❯ Process.ChildProcess._handle.onexit node:internal/child_process:293:12


⎯⎯⎯⎯⎯⎯ Unhandled Error ⎯⎯⎯⎯⎯⎯⎯
Error: [vitest-pool]: Worker forks emitted error.
 ❯ EventEmitter.onTaskError ../first%20project%20with%20ai/node_modules/vitest/dist/chunks/cli-api.CnMVyzaz.js:3526:21
 ❯ EventEmitter.emit node:events:519:28
 ❯ ChildProcess.emitUnexpectedExit ../first%20project%20with%20ai/node_modules/vitest/dist/chunks/cli-api.CnMVyzaz.js:3092:22
 ❯ ChildProcess.emit node:events:519:28
 ❯ Process.ChildProcess._handle.onexit node:internal/child_process:293:12

Caused by: Error: Worker exited unexpectedly
 ❯ ChildProcess.emitUnexpectedExit ../first%20project%20with%20ai/node_modules/vitest/dist/chunks/cli-api.CnMVyzaz.js:3090:33
 ❯ ChildProcess.emit node:events:519:28
 ❯ Process.ChildProcess._handle.onexit node:internal/child_process:293:12


⎯⎯⎯⎯⎯⎯ Unhandled Error ⎯⎯⎯⎯⎯⎯⎯
Error: [vitest-pool]: Worker forks emitted error.
 ❯ EventEmitter.onTaskError ../first%20project%20with%20ai/node_modules/vitest/dist/chunks/cli-api.CnMVyzaz.js:3526:21
 ❯ EventEmitter.emit node:events:519:28
 ❯ ChildProcess.emitUnexpectedExit ../first%20project%20with%20ai/node_modules/vitest/dist/chunks/cli-api.CnMVyzaz.js:3092:22
 ❯ ChildProcess.emit node:events:519:28
 ❯ Process.ChildProcess._handle.onexit node:internal/child_process:293:12

Caused by: Error: Worker exited unexpectedly
 ❯ ChildProcess.emitUnexpectedExit ../first%20project%20with%20ai/node_modules/vitest/dist/chunks/cli-api.CnMVyzaz.js:3090:33
 ❯ ChildProcess.emit node:events:519:28
 ❯ Process.ChildProcess._handle.onexit node:internal/child_process:293:12


⎯⎯⎯⎯⎯⎯ Unhandled Error ⎯⎯⎯⎯⎯⎯⎯
Error: [vitest-pool]: Worker forks emitted error.
 ❯ EventEmitter.onTaskError ../first%20project%20with%20ai/node_modules/vitest/dist/chunks/cli-api.CnMVyzaz.js:3526:21
 ❯ EventEmitter.emit node:events:519:28
 ❯ ChildProcess.emitUnexpectedExit ../first%20project%20with%20ai/node_modules/vitest/dist/chunks/cli-api.CnMVyzaz.js:3092:22
 ❯ ChildProcess.emit node:events:519:28
 ❯ Process.ChildProcess._handle.onexit node:internal/child_process:293:12

Caused by: Error: Worker exited unexpectedly
 ❯ ChildProcess.emitUnexpectedExit ../first%20project%20with%20ai/node_modules/vitest/dist/chunks/cli-api.CnMVyzaz.js:3090:33
 ❯ ChildProcess.emit node:events:519:28
 ❯ Process.ChildProcess._handle.onexit node:internal/child_process:293:12


⎯⎯⎯⎯⎯⎯ Unhandled Error ⎯⎯⎯⎯⎯⎯⎯
Error: [vitest-pool]: Worker forks emitted error.
 ❯ EventEmitter.onTaskError ../first%20project%20with%20ai/node_modules/vitest/dist/chunks/cli-api.CnMVyzaz.js:3526:21
 ❯ EventEmitter.emit node:events:519:28
 ❯ ChildProcess.emitUnexpectedExit ../first%20project%20with%20ai/node_modules/vitest/dist/chunks/cli-api.CnMVyzaz.js:3092:22
 ❯ ChildProcess.emit node:events:519:28
 ❯ Process.ChildProcess._handle.onexit node:internal/child_process:293:12

Caused by: Error: Worker exited unexpectedly
 ❯ ChildProcess.emitUnexpectedExit ../first%20project%20with%20ai/node_modules/vitest/dist/chunks/cli-api.CnMVyzaz.js:3090:33
 ❯ ChildProcess.emit node:events:519:28
 ❯ Process.ChildProcess._handle.onexit node:internal/child_process:293:12


⎯⎯⎯⎯⎯⎯ Unhandled Error ⎯⎯⎯⎯⎯⎯⎯
Error: [vitest-pool]: Worker forks emitted error.
 ❯ EventEmitter.onTaskError ../first%20project%20with%20ai/node_modules/vitest/dist/chunks/cli-api.CnMVyzaz.js:3526:21
 ❯ EventEmitter.emit node:events:519:28
 ❯ ChildProcess.emitUnexpectedExit ../first%20project%20with%20ai/node_modules/vitest/dist/chunks/cli-api.CnMVyzaz.js:3092:22
 ❯ ChildProcess.emit node:events:519:28
 ❯ Process.ChildProcess._handle.onexit node:internal/child_process:293:12

Caused by: Error: Worker exited unexpectedly
 ❯ ChildProcess.emitUnexpectedExit ../first%20project%20with%20ai/node_modules/vitest/dist/chunks/cli-api.CnMVyzaz.js:3090:33
 ❯ ChildProcess.emit node:events:519:28
 ❯ Process.ChildProcess._handle.onexit node:internal/child_process:293:12


⎯⎯⎯⎯⎯⎯ Unhandled Error ⎯⎯⎯⎯⎯⎯⎯
Error: [vitest-pool]: Worker forks emitted error.
 ❯ EventEmitter.onTaskError ../first%20project%20with%20ai/node_modules/vitest/dist/chunks/cli-api.CnMVyzaz.js:3526:21
 ❯ EventEmitter.emit node:events:519:28
 ❯ ChildProcess.emitUnexpectedExit ../first%20project%20with%20ai/node_modules/vitest/dist/chunks/cli-api.CnMVyzaz.js:3092:22
 ❯ ChildProcess.emit node:events:519:28
 ❯ Process.ChildProcess._handle.onexit node:internal/child_process:293:12

Caused by: Error: Worker exited unexpectedly
 ❯ ChildProcess.emitUnexpectedExit ../first%20project%20with%20ai/node_modules/vitest/dist/chunks/cli-api.CnMVyzaz.js:3090:33
 ❯ ChildProcess.emit node:events:519:28
 ❯ Process.ChildProcess._handle.onexit node:internal/child_process:293:12


⎯⎯⎯⎯⎯⎯ Unhandled Error ⎯⎯⎯⎯⎯⎯⎯
Error: [vitest-pool]: Worker forks emitted error.
 ❯ EventEmitter.onTaskError ../first%20project%20with%20ai/node_modules/vitest/dist/chunks/cli-api.CnMVyzaz.js:3526:21
 ❯ EventEmitter.emit node:events:519:28
 ❯ ChildProcess.emitUnexpectedExit ../first%20project%20with%20ai/node_modules/vitest/dist/chunks/cli-api.CnMVyzaz.js:3092:22
 ❯ ChildProcess.emit node:events:519:28
 ❯ Process.ChildProcess._handle.onexit node:internal/child_process:293:12

Caused by: Error: Worker exited unexpectedly
 ❯ ChildProcess.emitUnexpectedExit ../first%20project%20with%20ai/node_modules/vitest/dist/chunks/cli-api.CnMVyzaz.js:3090:33
 ❯ ChildProcess.emit node:events:519:28
 ❯ Process.ChildProcess._handle.onexit node:internal/child_process:293:12


⎯⎯⎯⎯⎯⎯ Unhandled Error ⎯⎯⎯⎯⎯⎯⎯
Error: [vitest-pool]: Worker forks emitted error.
 ❯ EventEmitter.onTaskError ../first%20project%20with%20ai/node_modules/vitest/dist/chunks/cli-api.CnMVyzaz.js:3526:21
 ❯ EventEmitter.emit node:events:519:28
 ❯ ChildProcess.emitUnexpectedExit ../first%20project%20with%20ai/node_modules/vitest/dist/chunks/cli-api.CnMVyzaz.js:3092:22
 ❯ ChildProcess.emit node:events:519:28
 ❯ Process.ChildProcess._handle.onexit node:internal/child_process:293:12

Caused by: Error: Worker exited unexpectedly
 ❯ ChildProcess.emitUnexpectedExit ../first%20project%20with%20ai/node_modules/vitest/dist/chunks/cli-api.CnMVyzaz.js:3090:33
 ❯ ChildProcess.emit node:events:519:28
 ❯ Process.ChildProcess._handle.onexit node:internal/child_process:293:12


⎯⎯⎯⎯⎯⎯ Unhandled Error ⎯⎯⎯⎯⎯⎯⎯
Error: [vitest-pool]: Worker forks emitted error.
 ❯ EventEmitter.onTaskError ../first%20project%20with%20ai/node_modules/vitest/dist/chunks/cli-api.CnMVyzaz.js:3526:21
 ❯ EventEmitter.emit node:events:519:28
 ❯ ChildProcess.emitUnexpectedExit ../first%20project%20with%20ai/node_modules/vitest/dist/chunks/cli-api.CnMVyzaz.js:3092:22
 ❯ ChildProcess.emit node:events:519:28
 ❯ Process.ChildProcess._handle.onexit node:internal/child_process:293:12

Caused by: Error: Worker exited unexpectedly
 ❯ ChildProcess.emitUnexpectedExit ../first%20project%20with%20ai/node_modules/vitest/dist/chunks/cli-api.CnMVyzaz.js:3090:33
 ❯ ChildProcess.emit node:events:519:28
 ❯ Process.ChildProcess._handle.onexit node:internal/child_process:293:12


⎯⎯⎯⎯⎯⎯ Unhandled Error ⎯⎯⎯⎯⎯⎯⎯
Error: [vitest-pool]: Worker forks emitted error.
 ❯ EventEmitter.onTaskError ../first%20project%20with%20ai/node_modules/vitest/dist/chunks/cli-api.CnMVyzaz.js:3526:21
 ❯ EventEmitter.emit node:events:519:28
 ❯ ChildProcess.emitUnexpectedExit ../first%20project%20with%20ai/node_modules/vitest/dist/chunks/cli-api.CnMVyzaz.js:3092:22
 ❯ ChildProcess.emit node:events:519:28
 ❯ Process.ChildProcess._handle.onexit node:internal/child_process:293:12

Caused by: Error: Worker exited unexpectedly
 ❯ ChildProcess.emitUnexpectedExit ../first%20project%20with%20ai/node_modules/vitest/dist/chunks/cli-api.CnMVyzaz.js:3090:33
 ❯ ChildProcess.emit node:events:519:28
 ❯ Process.ChildProcess._handle.onexit node:internal/child_process:293:12


⎯⎯⎯⎯⎯⎯ Unhandled Error ⎯⎯⎯⎯⎯⎯⎯
Error: [vitest-pool]: Worker forks emitted error.
 ❯ EventEmitter.onTaskError ../first%20project%20with%20ai/node_modules/vitest/dist/chunks/cli-api.CnMVyzaz.js:3526:21
 ❯ EventEmitter.emit node:events:519:28
 ❯ ChildProcess.emitUnexpectedExit ../first%20project%20with%20ai/node_modules/vitest/dist/chunks/cli-api.CnMVyzaz.js:3092:22
 ❯ ChildProcess.emit node:events:519:28
 ❯ Process.ChildProcess._handle.onexit node:internal/child_process:293:12

Caused by: Error: Worker exited unexpectedly
 ❯ ChildProcess.emitUnexpectedExit ../first%20project%20with%20ai/node_modules/vitest/dist/chunks/cli-api.CnMVyzaz.js:3090:33
 ❯ ChildProcess.emit node:events:519:28
 ❯ Process.ChildProcess._handle.onexit node:internal/child_process:293:12


⎯⎯⎯⎯⎯⎯ Unhandled Error ⎯⎯⎯⎯⎯⎯⎯
Error: [vitest-pool]: Worker forks emitted error.
 ❯ EventEmitter.onTaskError ../first%20project%20with%20ai/node_modules/vitest/dist/chunks/cli-api.CnMVyzaz.js:3526:21
 ❯ EventEmitter.emit node:events:519:28
 ❯ ChildProcess.emitUnexpectedExit ../first%20project%20with%20ai/node_modules/vitest/dist/chunks/cli-api.CnMVyzaz.js:3092:22
 ❯ ChildProcess.emit node:events:519:28
 ❯ Process.ChildProcess._handle.onexit node:internal/child_process:293:12

Caused by: Error: Worker exited unexpectedly
 ❯ ChildProcess.emitUnexpectedExit ../first%20project%20with%20ai/node_modules/vitest/dist/chunks/cli-api.CnMVyzaz.js:3090:33
 ❯ ChildProcess.emit node:events:519:28
 ❯ Process.ChildProcess._handle.onexit node:internal/child_process:293:12


⎯⎯⎯⎯⎯⎯ Unhandled Error ⎯⎯⎯⎯⎯⎯⎯
Error: [vitest-pool]: Worker forks emitted error.
 ❯ EventEmitter.onTaskError ../first%20project%20with%20ai/node_modules/vitest/dist/chunks/cli-api.CnMVyzaz.js:3526:21
 ❯ EventEmitter.emit node:events:519:28
 ❯ ChildProcess.emitUnexpectedExit ../first%20project%20with%20ai/node_modules/vitest/dist/chunks/cli-api.CnMVyzaz.js:3092:22
 ❯ ChildProcess.emit node:events:519:28
 ❯ Process.ChildProcess._handle.onexit node:internal/child_process:293:12

Caused by: Error: Worker exited unexpectedly
 ❯ ChildProcess.emitUnexpectedExit ../first%20project%20with%20ai/node_modules/vitest/dist/chunks/cli-api.CnMVyzaz.js:3090:33
 ❯ ChildProcess.emit node:events:519:28
 ❯ Process.ChildProcess._handle.onexit node:internal/child_process:293:12


⎯⎯⎯⎯⎯⎯ Unhandled Error ⎯⎯⎯⎯⎯⎯⎯
Error: [vitest-pool]: Worker forks emitted error.
 ❯ EventEmitter.onTaskError ../first%20project%20with%20ai/node_modules/vitest/dist/chunks/cli-api.CnMVyzaz.js:3526:21
 ❯ EventEmitter.emit node:events:519:28
 ❯ ChildProcess.emitUnexpectedExit ../first%20project%20with%20ai/node_modules/vitest/dist/chunks/cli-api.CnMVyzaz.js:3092:22
 ❯ ChildProcess.emit node:events:519:28
 ❯ Process.ChildProcess._handle.onexit node:internal/child_process:293:12

Caused by: Error: Worker exited unexpectedly
 ❯ ChildProcess.emitUnexpectedExit ../first%20project%20with%20ai/node_modules/vitest/dist/chunks/cli-api.CnMVyzaz.js:3090:33
 ❯ ChildProcess.emit node:events:519:28
 ❯ Process.ChildProcess._handle.onexit node:internal/child_process:293:12


⎯⎯⎯⎯⎯⎯ Unhandled Error ⎯⎯⎯⎯⎯⎯⎯
Error: [vitest-pool]: Worker forks emitted error.
 ❯ EventEmitter.onTaskError ../first%20project%20with%20ai/node_modules/vitest/dist/chunks/cli-api.CnMVyzaz.js:3526:21
 ❯ EventEmitter.emit node:events:519:28
 ❯ ChildProcess.emitUnexpectedExit ../first%20project%20with%20ai/node_modules/vitest/dist/chunks/cli-api.CnMVyzaz.js:3092:22
 ❯ ChildProcess.emit node:events:519:28
 ❯ Process.ChildProcess._handle.onexit node:internal/child_process:293:12

Caused by: Error: Worker exited unexpectedly
 ❯ ChildProcess.emitUnexpectedExit ../first%20project%20with%20ai/node_modules/vitest/dist/chunks/cli-api.CnMVyzaz.js:3090:33
 ❯ ChildProcess.emit node:events:519:28
 ❯ Process.ChildProcess._handle.onexit node:internal/child_process:293:12


⎯⎯⎯⎯⎯⎯ Unhandled Error ⎯⎯⎯⎯⎯⎯⎯
Error: [vitest-pool]: Worker forks emitted error.
 ❯ EventEmitter.onTaskError ../first%20project%20with%20ai/node_modules/vitest/dist/chunks/cli-api.CnMVyzaz.js:3526:21
 ❯ EventEmitter.emit node:events:519:28
 ❯ ChildProcess.emitUnexpectedExit ../first%20project%20with%20ai/node_modules/vitest/dist/chunks/cli-api.CnMVyzaz.js:3092:22
 ❯ ChildProcess.emit node:events:519:28
 ❯ Process.ChildProcess._handle.onexit node:internal/child_process:293:12

Caused by: Error: Worker exited unexpectedly
 ❯ ChildProcess.emitUnexpectedExit ../first%20project%20with%20ai/node_modules/vitest/dist/chunks/cli-api.CnMVyzaz.js:3090:33
 ❯ ChildProcess.emit node:events:519:28
 ❯ Process.ChildProcess._handle.onexit node:internal/child_process:293:12


⎯⎯⎯⎯⎯⎯ Unhandled Error ⎯⎯⎯⎯⎯⎯⎯
Error: [vitest-pool]: Worker forks emitted error.
 ❯ EventEmitter.onTaskError ../first%20project%20with%20ai/node_modules/vitest/dist/chunks/cli-api.CnMVyzaz.js:3526:21
 ❯ EventEmitter.emit node:events:519:28
 ❯ ChildProcess.emitUnexpectedExit ../first%20project%20with%20ai/node_modules/vitest/dist/chunks/cli-api.CnMVyzaz.js:3092:22
 ❯ ChildProcess.emit node:events:519:28
 ❯ Process.ChildProcess._handle.onexit node:internal/child_process:293:12

Caused by: Error: Worker exited unexpectedly
 ❯ ChildProcess.emitUnexpectedExit ../first%20project%20with%20ai/node_modules/vitest/dist/chunks/cli-api.CnMVyzaz.js:3090:33
 ❯ ChildProcess.emit node:events:519:28
 ❯ Process.ChildProcess._handle.onexit node:internal/child_process:293:12


⎯⎯⎯⎯⎯⎯ Unhandled Error ⎯⎯⎯⎯⎯⎯⎯
Error: [vitest-pool]: Worker forks emitted error.
 ❯ EventEmitter.onTaskError ../first%20project%20with%20ai/node_modules/vitest/dist/chunks/cli-api.CnMVyzaz.js:3526:21
 ❯ EventEmitter.emit node:events:519:28
 ❯ ChildProcess.emitUnexpectedExit ../first%20project%20with%20ai/node_modules/vitest/dist/chunks/cli-api.CnMVyzaz.js:3092:22
 ❯ ChildProcess.emit node:events:519:28
 ❯ Process.ChildProcess._handle.onexit node:internal/child_process:293:12

Caused by: Error: Worker exited unexpectedly
 ❯ ChildProcess.emitUnexpectedExit ../first%20project%20with%20ai/node_modules/vitest/dist/chunks/cli-api.CnMVyzaz.js:3090:33
 ❯ ChildProcess.emit node:events:519:28
 ❯ Process.ChildProcess._handle.onexit node:internal/child_process:293:12

⎯⎯⎯⎯⎯⎯⎯⎯⎯⎯⎯⎯⎯⎯⎯⎯⎯⎯⎯⎯⎯⎯⎯⎯⎯⎯⎯⎯⎯⎯


 Test Files  4 passed (4)
      Tests  83 passed (83)
     Errors  25 errors
   Start at  13:16:36
   Duration  2043.83s (transform 491ms, setup 101ms, import 1.34s, tests 601.34s, environment 0ms)

